arm-none-eabi-gcc -o "USART.elf" @"objects.list"   -mcpu=cortex-m3 -T"C:\Users\WASHINGTON\STM32CubeIDE\workspace_1.4.0\USART\STM32F103C8TX_FLASH.ld" --specs=nosys.specs -Wl,-Map="USART.map" -Wl,--gc-sections -static --specs=nano.specs -mfloat-abi=soft -mthumb -Wl,--start-group -lc -lm -Wl,--end-group
Finished building target: USART.elf
 
arm-none-eabi-objdump -h -S  USART.elf  > "USART.list"
arm-none-eabi-objcopy  -O binary  USART.elf  "USART.bin"
arm-none-eabi-size   USART.elf 
   text	   data	    bss	    dec	    hex	filename
   7252	     24	   1808	   9084	   237c	USART.elf
Finished building: default.size.stdout
 
Finished building: USART.bin
Finished building: USART.list
 
 

04:47:20 Build Finished. 0 errors, 0 warnings. (took 1s.481ms)

04:47:20 **** Incremental Build of configuration Debug for project USART ****
make -j4 all 
arm-none-eabi-size   USART.elf 
   text	   data	    bss	    dec	    hex	filename
   7252	     24	   1808	   9084	   237c	USART.elf
Finished building: default.size.stdout
 
